<html>
<body>
<pre>
<h1>µVision Build Log</h1>
<h2>Tool Versions:</h2>
IDE-Version: ¦ÌVision V5.14.0.0
Copyright (C) 2015 ARM Ltd and ARM Germany GmbH. All rights reserved.
License Information: aaa XiaoEr9363@outlook.com, aaa, LIC=DSNMM-XGR4V-AUS4J-USW57-ALN2W-J2C2G
 
Tool Versions:
Toolchain:       MDK-ARM Professional  Version: 5.14.0.0
Toolchain Path:  G:\STM32\soft\Keil5\path\ARM\ARMCC\Bin
C Compiler:      Armcc.exe V5.05 update 1 (build 106)
Assembler:       Armasm.exe V5.05 update 1 (build 106)
Linker/Locator:  ArmLink.exe V5.05 update 1 (build 106)
Library Manager: ArmAr.exe V5.05 update 1 (build 106)
Hex Converter:   FromElf.exe V5.05 update 1 (build 106)
CPU DLL:         SARMCM3.DLL V5.14.0.0
Dialog DLL:      DCM.DLL V1.13.1.0
Target DLL:      Segger\JL2CM3.dll V2.99.13.0
Dialog DLL:      TCM.DLL V1.14.4.0
 
<h2>Project:</h2>
G:\STM32\STM32F103C8T6\Project\System_migration\System_migration_Demo_01\Demo_01\MDK-ARM\Demo_01.uvprojx
Project File Date:  12/04/2022

<h2>Output:</h2>
Build target 'Demo_01'
compiling main.c...
linking...
Program Size: Code=16820 RO-data=408 RW-data=264 ZI-data=14328  
FromELF: creating hex file...
"Demo_01\Demo_01.axf" - 0 Error(s), 0 Warning(s).

<h2>Software Packages used:</h2>

Package Vendor: ARM
                http://www.keil.com/pack/ARM.CMSIS.4.2.0.pack
                ARM::CMSIS:CORE:3.40.0
                CMSIS (Cortex Microcontroller Software Interface Standard)
   * Component: CORE Version: 3.40.0

<h2>Collection of Component include folders:</h2>
  G:\STM32\STM32F103C8T6\Project\System_migration\System_migration_Demo_01\Demo_01\MDK-ARM\RTE
  G:\STM32\soft\Keil5\path\ARM\PACK\ARM\CMSIS\4.2.0\CMSIS\Include
  G:\STM32\soft\Keil5\path\ARM\PACK\Keil\STM32F1xx_DFP\2.2.0

<h2>Collection of Component Files used:</h2>

   * Component: ARM::CMSIS:CORE:3.40.0
      Source file:   CMSIS\UserCodeTemplates\ARM\ITM_Retarget.c
</pre>
</body>
</html>
